{"A": [["0", ["A*01:01:01:01", "A*01:01:01:02N", "A*01:01:01:03", "A*01:01:01:04", "A*01:01:01:05", "A*01:01:01:06", "A*01:01:01:07", "A*01:01:01:08", "A*01:01:01:09", "A*01:01:01:10", "A*01:01:01:11", "A*01:01:01:12", "A*01:01:01:13", "A*01:01:01:14", "A*01:01:01:15", "A*01:01:01:16", "A*01:01:01:17", "A*01:01:01:18", "A*01:01:01:19", "A*01:01:01:20", "A*01:01:01:21"], 0.4702495210690735], ["401", ["A*03:01:01:01", "A*03:01:01:03", "A*03:01:01:04", "A*03:01:01:05", "A*03:01:01:06", "A*03:01:01:07", "A*03:01:01:08", "A*03:01:01:09", "A*03:01:01:10", "A*03:01:01:11", "A*03:01:01:12", "A*03:01:01:13", "A*03:01:01:14", "A*03:01:01:15", "A*03:01:01:16", "A*03:01:01:17", "A*03:01:01:18", "A*03:01:01:19", "A*03:01:01:20"], 0.43478260794428775], ["423", ["A*03:01:71"], 0.09496787098663875]], "B": [["2080", ["B*39:01:01:01", "B*39:01:01:02L", "B*39:01:01:03", "B*39:01:01:04", "B*39:01:01:05", "B*39:01:01:06", "B*39:01:01:07", "B*39:01:01:08", "B*39:01:01:09"], 0.4497991967871486], ["1288", ["B*07:02:01:01", "B*07:02:01:02", "B*07:02:01:03", "B*07:02:01:04", "B*07:02:01:05", "B*07:02:01:06", "B*07:02:01:07", "B*07:02:01:08", "B*07:02:01:09", "B*07:02:01:10", "B*07:02:01:11"], 0.27510040160642574], ["1306", ["B*07:02:62"], 0.27510040160642574]], "C": [["3858", ["C*08:01:01:01", "C*08:01:01:02"], 0.5126676602086438], ["2753", ["C*01:02:01:01", "C*01:02:01:02", "C*01:02:01:03", "C*01:02:01:04", "C*01:02:01:05", "C*01:02:01:06", "C*01:02:01:07", "C*01:02:01:08", "C*01:02:01:09", "C*01:02:01:10", "C*01:02:01:11"], 0.48733233979135615]], "DPB1": [["4355", ["DPB1*15:01:01:01", "DPB1*15:01:01:02"], 0.46755541196728445], ["4308", ["DPB1*02:01:02:01", "DPB1*02:01:02:02", "DPB1*02:01:02:03", "DPB1*02:01:02:04", "DPB1*02:01:02:05", "DPB1*02:01:02:06", "DPB1*02:01:02:07", "DPB1*02:01:02:08", "DPB1*02:01:02:09", "DPB1*02:01:02:10", "DPB1*02:01:02:11", "DPB1*02:01:02:12", "DPB1*02:01:02:13", "DPB1*02:01:02:14", "DPB1*02:01:02:15", "DPB1*02:01:02:16", "DPB1*02:01:02:17", "DPB1*02:01:02:18", "DPB1*02:01:02:19", "DPB1*02:01:02:20", "DPB1*02:01:02:21", "DPB1*02:01:02:22", "DPB1*02:01:02:23", "DPB1*02:01:02:24", "DPB1*02:01:02:25", "DPB1*02:01:02:26", "DPB1*02:01:02:27", "DPB1*02:01:02:28", "DPB1*02:01:02:29", "DPB1*02:01:02:30", "DPB1*02:01:02:31", "DPB1*02:01:02:32", "DPB1*02:01:02:33", "DPB1*02:01:02:34", "DPB1*02:01:02:35", "DPB1*02:01:02:36", "DPB1*02:01:02:37", "DPB1*02:01:02:38", "DPB1*02:01:02:39", "DPB1*02:01:02:40", "DPB1*02:01:02:41", "DPB1*02:01:02:42"], 0.5062066559715017]], "DQA1": [["4494", ["DQA1*05:03:01:01", "DQA1*05:03:01:02"], 0.42164018457123476], ["4464", ["DQA1*01:01:01:01", "DQA1*01:01:01:02", "DQA1*01:01:01:03", "DQA1*01:01:01:05"], 0.5783598154287652]], "DQB1": [["4649", ["DQB1*06:09:01:01", "DQB1*06:09:01:02"], 0.5646288818859316], ["4504", ["DQB1*02:02:01:01", "DQB1*02:02:01:02", "DQB1*02:02:01:03", "DQB1*02:02:01:04"], 0.43292660526526233]]}